<testsuites name="results">
  <testsuite name="all" package="all">
    <property name="random_seed" value="1762639621" />
    <testcase name="run_fsm_simulation" classname="run_sim" file="C:\Users\hites\OneDrive\Desktop\tedious_works\antim_shanti\run_sim.py" lineno="85" time="76.40865325927734" sim_time_ns="17421000000000.0" ratio_time="227997736603.01736">
      <failure error_type="SimFailure" error_msg="Simulator shut down prematurely" />
    </testcase>
  </testsuite>
</testsuites>
